// Jest Snapshot v1, https://goo.gl/fbAQLP

exports[`\`Nearest\` widget renders correctly without items 1`] = `
<div
  className="ant-card ant-card-bordered"
>
  <div
    className="ant-card-head"
  >
    <div
      className="ant-card-head-wrapper"
    >
      <div
        className="ant-card-head-title"
      >
        Ваши отпуска на ближайщий год
      </div>
    </div>
  </div>
  <div
    className="ant-card-body"
    style={undefined}
  >
    <p>
      Нет созданных отпусков
    </p>
  </div>
  <ul
    className="ant-card-actions"
  >
    <li
      style={
        Object {
          "width": "100%",
        }
      }
    >
      <span>
        <span
          onClick={[Function]}
        >
          Добавить
        </span>
      </span>
    </li>
  </ul>
</div>
`;
